****************************************************************************************************************************************************************
****************************************************************************************************************************************************************
****************************************************************************************************************************************************************
****************************************************************************************************************************************************************
****                          ****                                                            ****                            ****                          ****
****                          ****                                                            ****                            ****                          ****
****                          ****                                                            ****                            ****                          ****
****                          ****                                                            ****                            ****                          ****
****       dddddddddddd       ****                                                            ****                            ****       ffffffffffff       ****
****       dddddddddddd       ****                                                            ****                            ****       ffffffffffff       ****
****       dddddddddddd       ****                                                            ****                            ****       ffffffffffff       ****
****       dddddddddddd       ****                                                            ****                            ****       ffffffffffff       ****
****       dddddddddddd       ****                                                            ****                            ****       ffffffffffff       ****
****       dddddddddddd       ****                                                            ****                            ****       ffffffffffff       ****
****       dddddddddddd       ****                                                            ****                            ****       ffffffffffff       ****
****       dddddddddddd       ****                                                            ****                            ****       ffffffffffff       ****
****                          ****                                                            ****                            ****                          ****
****                          ****                                                            ****                            ****                          ****
****                          ****                                                            ****                            ****                          ****
****                          ****                                                            ****                            ****                          ****
****                          ****                                                            ****                            ****                          ****
****                          ****                                                            ****                            ****                          ****
****                          ****                                                            ****                            ****                          ****
****                          ****                                                            ****                            ****                          ****
****                          ****                                                            ****                            ****                          ****
****                          ****                                                            ****                            ****                          ****
****                          ****                                                            ****                            ****                          ****
****                          ****                                                            ****                            ****                          ****
****                          ****                                                            ****                            ****                          ****
****                          ****                                                            ****                            ****                          ****
****                          ****                                                            ****                            ****                          ****
****                          ****                                                            ****                            ****                          ****
****                          ****                                                            ****                            ****                          ****
****                          ****                                                            ****                            ****                          ****
****                          ****                                                            ****                            ****                          ****
****                          ****                                                            ****                            ****                          ****
****                          ****                            ****                            ****                            ****                          ****
****                          ****                            ****                            ****                            ****                          ****
****                          ****                            ****                            ****                            ****                          ****
****                          ****                            ****                            ****                            ****                          ****
****                          ****                            ****                            ****                            ****                          ****
****                          ****                            ****                            ****                            ****                          ****
****                          ****                            ****                            ****                            ****                          ****
****                          ****                            ****                            ****                            ****                          ****
****                          ****                            ****                            ****                            ****                          ****
****                          ****                            ****                            ****                            ****                          ****
****                          ****                            ****                            ****                            ****                          ****
****                          ****                            ****                            ****                            ****                          ****
****                          ****                            ****                            ****                            ****                          ****
****                          ****                            ****                            ****                            ****                          ****
****                          ****                            ****                            ****                            ****                          ****
****                          ****                            ****                            ****                            ****                          ****
****                          ****                            ****                            ****                            ****                          ****
****                          ****                            ****                            ****                            ****                          ****
****                          ****                            ****                            ****                            ****                          ****
****                          ****                            ****                            ****                            ****                          ****
****                          ****                            ****                            ****                            ****                          ****
****                          ****                            ****                            ****                            ****                          ****
****                          ****                            ****                            ****                            ****                          ****
****                          ****                            ****                            ****                            ****                          ****
****                          ****                            ****                            ****                            ****                          ****
****                          ****                            ****                            ****                            ****                          ****
****                          ****                            ****                            ****                            ****                          ****
****                          ****                            ****                            ****                            ****                          ****
****                          ****                            ****                            ****                            ****                          ****
****                          ****                            ****                            ****                            ****                          ****
****                          ****                            ****                            ****                            ****                          ****
****                          ****                            ****                            ****                            ****                          ****
****                          ****                            ****                                                            ****                          ****
****                          ****                            ****                                                            ****                          ****
****                          ****                            ****                                                            ****                          ****
****                          ****                            ****                                                            ****                          ****
****                          ****                            ****                                                            ****                          ****
****                          ****                            ****                                                            ****                          ****
****                          ****                            ****                                                            ****                          ****
****                          ****                            ****                                                            ****                          ****
****                          ****                            ****                                                            ****                          ****
****                          ****                            ****                                                            ****                          ****
****                          ****                            ****                                                            ****                          ****
****                          ****                            ****                                                            ****                          ****
****                          ****                            ****                                                            ****                          ****
****                          ****                            ****                                                            ****                          ****
****                          ****                            ****                                                            ****                          ****
****                          ****                            ****                                                            ****                          ****
****                          ****                            ****                                                            ****                          ****
****                          ****                            ****                                                            ****                          ****
****                          ****                            ****                                                            ****                          ****
****                          ****                            ****                                                            ****                          ****
****                          ****                            ****                                                            ****                          ****
****                          ****                            ****                                                            ****                          ****
****                          ****                            ****                                                            ****                          ****
****                          ****                            ****                                                            ****                          ****
****                          ****                            ****                                                            ****                          ****
****                          ****                            ****                                                            ****                          ****
****                          ****                            ****                                                            ****                          ****
****                          ****                            ****                                                            ****                          ****
****                          ****                            ****                                                            ****                          ****
****                          ****                            ****                                                            ****                          ****
****                          ****                            ****                                                            ****                          ****
****                          ****                            ****                                                            ****                          ****
****                          ****                            ****                            ****                            ****                          ****
****                          ****                            ****                            ****                            ****                          ****
****                          ****                            ****                            ****                            ****                          ****
****                          ****                            ****                            ****                            ****                          ****
****                          ****                            ****                            ****                            ****                          ****
****                          ****                            ****                            ****                            ****                          ****
****                          ****                            ****                            ****                            ****                          ****
****                          ****                            ****                            ****                            ****                          ****
****                          ****                            ****                            ****                            ****                          ****
****                          ****                            ****                            ****                            ****                          ****
****                          ****                            ****                            ****                            ****                          ****
****                          ****                            ****                            ****                            ****                          ****
****                          ****                            ****                            ****                            ****                          ****
****                          ****                            ****                            ****                            ****                          ****
****                          ****                            ****                            ****                            ****                          ****
****                          ****                            ****                            ****                            ****                          ****
****                          ****                            ****                            ****                            ****                          ****
****                          ****                            ****                            ****                            ****                          ****
****                          ****                            ****                            ****                            ****                          ****
****                          ****                            ****                            ****                            ****                          ****
****                          ****                            ****                            ****                            ****                          ****
****                          ****                            ****                            ****                            ****                          ****
****                          ****                            ****                            ****                            ****                          ****
****                          ****                            ****                            ****                            ****                          ****
****                          ****                            ****                            ****                            ****                          ****
****                          ****                            ****                            ****                            ****                          ****
****                          ****                            ****                            ****                            ****                          ****
****                          ****                            ****                            ****                            ****                          ****
****                          ****                            ****                            ****                            ****                          ****
****                          ****                            ****                            ****                            ****                          ****
****                          ****                            ****                            ****                            ****                          ****
****                          ****                            ****                            ****                            ****                          ****
****                                                          ****                                                                                          ****
****                                                          ****                                                                                          ****
****                                                          ****                                                                                          ****
****                                                          ****                                                                                          ****
****                                                          ****                                                                                          ****
****                                                          ****                                                                                          ****
****                                                          ****                                                                                          ****
****                                                          ****                                                                                          ****
****                                                          ****                                                                                          ****
****                                                          ****                                                                                          ****
****                                                          ****                                                                                          ****
****                                                          ****                                                                                          ****
****                                                          ****                                                                                          ****
****                                                          ****                                                                                          ****
****                                                          ****                                                                                          ****
****                                                          ****                                                                                          ****
****                                                          ****                                                                                          ****
****                                                          ****                                                                                          ****
****                                                          ****                                                                                          ****
****                                                          ****                                                                                          ****
****                                                          ****                                                                                          ****
****                                                          ****                                                                                          ****
****                                                          ****                                                                                          ****
****                                                          ****                                                                                          ****
****                                                          ****                                                                                          ****
****                                                          ****                                                                                          ****
****                                                          ****                                                                                          ****
****                                                          ****                                                                                          ****
****                                                          ****                                                                                          ****
****                                                          ****                                                                                          ****
****                                                          ****                                                                                          ****
****                                                          ****                                                                                          ****
****************************************************************************************************************************************************************
****************************************************************************************************************************************************************
****************************************************************************************************************************************************************
****************************************************************************************************************************************************************
